SQL>  CREATE TABLE EMP
  2   (EMPNO NUMBER(4),
  3   ENAME VARCHAR2(10),
  4   JOB VARCHAR2(9) DEFAULT 'CLRK' CONSTRAINT JOB_TITLE CHECK(JOB IN('CLRK','MGR','A.MGR','GM','CEO')),
  5   MGR_ID NUMBER(4),
  6   DATE_BIRTH DATE CONSTRAINT LOICAL_DOB_LESS_THAN_DOJ CHECK(DATE_BIRTH>DATE_OF_JOIN),
  7   SAL NUMBER(7,2) DEFAULT 20001 CONSTRAINT SALARY_CEILING CHECK(SAL>20000),
  8   COMM NUMBER(7,2) DEFAULT 1000,
  9   DEPT_NO VARCHAR2(3),
 10   DATE_OF_JOIN DATE);
 DATE_BIRTH DATE CONSTRAINT LOICAL_DOB_LESS_THAN_DOJ CHECK(DATE_BIRTH>DATE_OF_JOIN),
                                                                                   *
ERROR at line 6:
ORA-02438: Column check constraint cannot reference other columns 


SQL>  CREATE TABLE EMP
  2   (EMPNO NUMBER(4),
  3   ENAME VARCHAR2(10),
  4   JOB VARCHAR2(9) DEFAULT 'CLRK' CONSTRAINT JOB_TITLE CHECK(JOB IN('CLRK','MGR','A.MGR','GM','CEO')),
  5   MGR_ID NUMBER(4),
  6   DATE_BIRTH DATE,
  7   SAL NUMBER(7,2) DEFAULT 20001 CONSTRAINT SALARY_CEILING CHECK(SAL>20000),
  8   COMM NUMBER(7,2) DEFAULT 1000,
  9   DEPT_NO VARCHAR2(3),
 10   DATE_OF_JOIN DATE,
 11   CONSTRAINT LOICAL_DOB_LESS_THAN_DOJ CHECK(DATE_BIRTH>DATE_OF_JOIN));

Table created.

SQL> alter table EMP modify(EMPNO NUMBER(4) PRIMARY_KEY);
alter table EMP modify(EMPNO NUMBER(4) PRIMARY_KEY)
                                       *
ERROR at line 1:
ORA-00907: missing right parenthesis 


SQL> alter table EMP modify(PRIMARY_KEY(EMPNO));
alter table EMP modify(PRIMARY_KEY(EMPNO))
                                  *
ERROR at line 1:
ORA-00902: invalid datatype 


SQL> alter table EMP add constraint PRIMARY_KEY_EMPNO CHECK(EMPNO PRIMARY KEY);
alter table EMP add constraint PRIMARY_KEY_EMPNO CHECK(EMPNO PRIMARY KEY)
                                                             *
ERROR at line 1:
ORA-00920: invalid relational operator 


SQL> alter table EMP add constraint PRIMARY_KEY_EMPNO(EMPNO PRIMARY KEY);
alter table EMP add constraint PRIMARY_KEY_EMPNO(EMPNO PRIMARY KEY)
                                                *
ERROR at line 1:
ORA-00904: : invalid identifier 


SQL> alter table EMP add constraint PRIMARY_KEY_EMPNO EMPNO PRIMARY KEY;
alter table EMP add constraint PRIMARY_KEY_EMPNO EMPNO PRIMARY KEY
                                                 *
ERROR at line 1:
ORA-02263: need to specify the datatype for this column 


SQL> alter table EMP add constraint PRIMARY_KEY_EMPNO EMPNO NUMBER(4) PRIMARY KEY;
alter table EMP add constraint PRIMARY_KEY_EMPNO EMPNO NUMBER(4) PRIMARY KEY
                                                 *
ERROR at line 1:
ORA-01430: column being added already exists in table 


SQL>  CREATE TABLE EMP
  2   (EMPNO NUMBER(4),
  3   ENAME VARCHAR2(10),
  4   JOB VARCHAR2(9) DEFAULT 'CLRK' CONSTRAINT JOB_TITLE CHECK(JOB IN('CLRK','MGR','A.MGR','GM','CEO')),
  5   MGR_ID NUMBER(4),
  6   DATE_BIRTH DATE,
  7   SAL NUMBER(7,2) DEFAULT 20001 CONSTRAINT SALARY_CEILING CHECK(SAL>20000),
  8   COMM NUMBER(7,2) DEFAULT 1000,
  9   DEPT_NO VARCHAR2(3),
 10   DATE_OF_JOIN DATE,
 11   CONSTRAINT LOGICAL_DOB_LESS_THAN_DOJ CHECK(DATE_BIRTH>DATE_OF_JOIN));
 CREATE TABLE EMP
              *
ERROR at line 1:
ORA-00955: name is already used by an existing object 


SQL> DROP TABLE EMP
  2  ;

Table dropped.

SQL>  CREATE TABLE EMP(
  2   EMPNO NUMBER(4),
  3   ENAME VARCHAR2(10),
  4   JOB VARCHAR2(9) DEFAULT 'CLRK' CONSTRAINT JOB_TITLE CHECK(JOB IN('CLRK','MGR','A.MGR','GM','CEO')),
  5   MGR_ID NUMBER(4),
  6   DATE_BIRTH DATE,
  7   SAL NUMBER(7,2) DEFAULT 20001 CONSTRAINT SALARY_CEILING CHECK(SAL>20000),
  8   COMM NUMBER(7,2) DEFAULT 1000,
  9   DEPT_NO VARCHAR2(3),
 10   DATE_OF_JOIN DATE,
 11   CONSTRAINT LOGICAL_DOB_LESS_THAN_DOJ CHECK(DATE_BIRTH<DATE_OF_JOIN));

Table created.

SQL> ALTER TABLE EMP ADD CONSTRAINT PRIMARY_KEY(EMP_NO);
ALTER TABLE EMP ADD CONSTRAINT PRIMARY_KEY(EMP_NO)
                                          *
ERROR at line 1:
ORA-00904: : invalid identifier 


SQL> ALTER TABLE EMP ADD CONSTRAINT PRIMARY_KEY(EMPNO);
ALTER TABLE EMP ADD CONSTRAINT PRIMARY_KEY(EMPNO)
                                          *
ERROR at line 1:
ORA-00904: : invalid identifier 


SQL> ALTER TABLE EMP ADD CONSTRAINT EMP_PKEY PRIMARY_KEY(EMPNO);
ALTER TABLE EMP ADD CONSTRAINT EMP_PKEY PRIMARY_KEY(EMPNO)
                                                   *
ERROR at line 1:
ORA-00902: invalid datatype 


SQL> CREATE TABLE DEPT(
  2   DNO VARCHAR2(3) PRIMARY KEY CONSTRAINT DNO_START_WITH_S CHECK(DNO LIKE 'D%'),
  3   DNAME VARCHAR2(10) UNIQUE,
  4   LOCATION VARCHAR2(9) DEFAULT 'BNG' CONSTRAINT JOB_TITLE CHECK(JOB IN('BNG','MNG','MUB','HYD','CHN')));
 LOCATION VARCHAR2(9) DEFAULT 'BNG' CONSTRAINT JOB_TITLE CHECK(JOB IN('BNG','MNG','MUB','HYD','CHN')))
                                                                                                     *
ERROR at line 4:
ORA-02438: Column check constraint cannot reference other columns 


SQL> CREATE TABLE DEPT(
  2   DNO VARCHAR2(3) PRIMARY KEY CONSTRAINT DNO_START_WITH_S CHECK(DNO LIKE 'D%'),
  3   DNAME VARCHAR2(10) UNIQUE,
  4   LOCATION VARCHAR2(9) DEFAULT 'BNG' CONSTRAINT LOCATION CHECK(LOCATION IN('BNG','MNG','MUB','HYD','CHN')));

Table created.

SQL> ALTER TABLE EMP MODIFY DEPT_NO REFERENCES DEPT(DNO) ON DELETE CASCADE;

Table altered.

SQL> ALTER TABLE EMP MODIFY EMPNO PRIMARY_KEY;
ALTER TABLE EMP MODIFY EMPNO PRIMARY_KEY
                       *
ERROR at line 1:
ORA-22858: invalid alteration of datatype 


SQL> ALTER TABLE EMP MODIFY MGR_ID REFERENCES EMP(EMPNO);
ALTER TABLE EMP MODIFY MGR_ID REFERENCES EMP(EMPNO)
                                             *
ERROR at line 1:
ORA-02270: no matching unique or primary key for this column-list 


SQL> CREATE TABLE PROJ(
  2   DNO VARCHAR2(3) NOT NULL REFERENCES DEPT(DNO),
  3   PRJ_NO VARCHAR2(5) NOT NULL CONSTRAINT PRJ_NO_START_WITH_P CHECK(PRJ_NO LIKE 'P%'),
  4   PRJ_NAME VARCHAR2(10),
  5   PRJ_CREDITS NUMBER(2) CONSTRAINT PRJ_CREDITS_LIMITS CHECK(PRJ_CREDITS>0 AND PRJ_CREDITS<11),
  6   STRT_DATE DATE,
  7   END_DATE DATE CONSTRAINT LOGICAL_STRT_DATE_BRFORE_END_DATE CHECK(END_DATE>STRT_DATE));
 END_DATE DATE CONSTRAINT LOGICAL_STRT_DATE_BRFORE_END_DATE CHECK(END_DATE>STRT_DATE))
                          *
ERROR at line 7:
ORA-00972: identifier is too long 


SQL> CREATE TABLE PROJ(
  2   DNO VARCHAR2(3) NOT NULL REFERENCES DEPT(DNO),
  3   PRJ_NO VARCHAR2(5) NOT NULL CONSTRAINT PRJ_NO_START_WITH_P CHECK(PRJ_NO LIKE 'P%'),
  4   PRJ_NAME VARCHAR2(10),
  5   PRJ_CREDITS NUMBER(2) CONSTRAINT PRJ_CREDITS_LIMITS CHECK(PRJ_CREDITS>0 AND PRJ_CREDITS<11),
  6   STRT_DATE DATE,
  7   END_DATE DATE CONSTRAINT STRT_DATE_BRFORE_END_DATE CHECK(END_DATE>STRT_DATE));
 END_DATE DATE CONSTRAINT STRT_DATE_BRFORE_END_DATE CHECK(END_DATE>STRT_DATE))
                                                                             *
ERROR at line 7:
ORA-02438: Column check constraint cannot reference other columns 


SQL> CREATE TABLE PROJ(
  2   DNO VARCHAR2(3) NOT NULL REFERENCES DEPT(DNO),
  3   PRJ_NO VARCHAR2(5) NOT NULL CONSTRAINT PRJ_NO_START_WITH_P CHECK(PRJ_NO LIKE 'P%'),
  4   PRJ_NAME VARCHAR2(10),
  5   PRJ_CREDITS NUMBER(2) CONSTRAINT PRJ_CREDITS_LIMITS CHECK(PRJ_CREDITS>0 AND PRJ_CREDITS<11),
  6   STRT_DATE DATE,
  7   END_DATE DATE,
  8   CONSTRAINT STRT_DATE_BRFORE_END_DATE CHECK(END_DATE>STRT_DATE));

Table created.

SQL> ALTER TABLE EMP ADD CONSTRAINT EMP_PKEY PRIMARY_KEY(EMPNO);
ALTER TABLE EMP ADD CONSTRAINT EMP_PKEY PRIMARY_KEY(EMPNO)
                                                   *
ERROR at line 1:
ORA-00902: invalid datatype 


SQL> ALTER TABLE EMP ADD CONSTRAINT EMP_PKEY PRIMARY_KEY (EMPNO);
ALTER TABLE EMP ADD CONSTRAINT EMP_PKEY PRIMARY_KEY (EMPNO)
                                                    *
ERROR at line 1:
ORA-00902: invalid datatype 


SQL> ALTER TABLE EMP ADD CONSTRAINT EMP_PKEY PRIMARY KEY(EMPNO);

Table altered.

SQL> ALTER TABLE EMP MODIFY MGR_ID REFERENCES EMP(EMPNO);

Table altered.

SQL> ALTER TABLE PROJ ADD CONSTRAINT PROJ_PKEY PRIMARY KEY(DNO, PRJ_NO);

Table altered.

SQL> ALTER TABLE EMP ADD(PRJ_ID VARCHAR2(5));

Table altered.

SQL> ALTER TABLE EMP ADD CONSTRAINT FK_EMP_PROJ FOREIGN KEY(DEPTNO, PRJ_ID) REFERENCES PROJ(DNO, PRJ_NO);
ALTER TABLE EMP ADD CONSTRAINT FK_EMP_PROJ FOREIGN KEY(DEPTNO, PRJ_ID) REFERENCES PROJ(DNO, PRJ_NO)
                                                       *
ERROR at line 1:
ORA-00904: "DEPTNO": invalid identifier 


SQL> ALTER TABLE EMP ADD CONSTRAINT FK_EMP_PROJ FOREIGN KEY(DEPT_NO, PRJ_ID) REFERENCES PROJ(DNO, PRJ_NO);

Table altered.

SQL> ALTER TABLE EMP ADD CONSTRAINT EMPNO_LESS_THEN_100 CHECK(EMPNO<100);

Table altered.

SQL> SPOOL OFF
